<?xml version="1.0" encoding="utf-8"?><testsuites><testsuite name="pytest" errors="0" failures="0" skipped="0" tests="31" time="39.973" timestamp="2024-12-03T00:09:50.715068-05:00" hostname="Edwin-Jose-M6J46C2761"><testcase classname="tests.test_create_model" name="test_create_circuit_centric_classifier" file="tests/test_create_model.py" line="28" time="0.001" /><testcase classname="tests.test_create_model" name="test_create_data_reuploading_classifier" file="tests/test_create_model.py" line="40" time="0.001" /><testcase classname="tests.test_create_model" name="test_create_data_reuploading_classifier_separable" file="tests/test_create_model.py" line="52" time="0.000" /><testcase classname="tests.test_create_model" name="test_create_dressed_quantum_circuit_classifier" file="tests/test_create_model.py" line="64" time="0.000" /><testcase classname="tests.test_create_model" name="test_create_dressed_quantum_circuit_classifier_separable" file="tests/test_create_model.py" line="75" time="0.000" /><testcase classname="tests.test_create_model" name="test_create_iqp_kernel_classifier" file="tests/test_create_model.py" line="86" time="0.000" /><testcase classname="tests.test_create_model" name="test_create_projected_quantum_kernel" file="tests/test_create_model.py" line="91" time="0.000" /><testcase classname="tests.test_create_model" name="test_create_quantum_kitchen_sinks" file="tests/test_create_model.py" line="103" time="0.000" /><testcase classname="tests.test_create_model" name="test_create_quantum_metric_learner" file="tests/test_create_model.py" line="108" time="0.000" /><testcase classname="tests.test_create_model" name="test_create_quantum_boltzmann_machine" file="tests/test_create_model.py" line="119" time="0.000" /><testcase classname="tests.test_create_model" name="test_create_quantum_boltzmann_machine_separable" file="tests/test_create_model.py" line="131" time="0.000" /><testcase classname="tests.test_create_model" name="test_create_tree_tensor_classifier" file="tests/test_create_model.py" line="143" time="0.000" /><testcase classname="tests.test_create_model" name="test_create_quanvolutional_neural_network" file="tests/test_create_model.py" line="148" time="0.000" /><testcase classname="tests.test_create_model" name="test_create_weinet" file="tests/test_create_model.py" line="161" time="0.000" /><testcase classname="tests.test_create_model" name="test_create_separable_variational_classifier" file="tests/test_create_model.py" line="168" time="0.000" /><testcase classname="tests.test_create_model" name="test_create_separable_kernel_classifier" file="tests/test_create_model.py" line="178" time="0.000" /><testcase classname="tests.test_create_model" name="test_create_convolutional_neural_network" file="tests/test_create_model.py" line="183" time="0.000" /><testcase classname="tests.test_create_model" name="test_create_svc" file="tests/test_create_model.py" line="193" time="0.000" /><testcase classname="tests.test_create_model" name="test_create_linear_svc" file="tests/test_create_model.py" line="198" time="0.000" /><testcase classname="tests.test_create_model" name="test_create_mlp_classifier" file="tests/test_create_model.py" line="203" time="0.000" /><testcase classname="tests.test_create_model" name="test_create_perceptron" file="tests/test_create_model.py" line="211" time="0.000" /><testcase classname="tests.test_create_model" name="test_unknown_model_type" file="tests/test_create_model.py" line="217" time="0.000" /><testcase classname="tests.test_data_preparation" name="test_data_preparation_with_csv" file="tests/test_data_preparation.py" line="21" time="0.015" /><testcase classname="tests.test_xai" name="test_xai_initialization" file="tests/test_xai.py" line="23" time="5.050" /><testcase classname="tests.test_xai" name="test_get_explainer" file="tests/test_xai.py" line="31" time="5.169" /><testcase classname="tests.test_xai" name="test_validate_predict_proba" file="tests/test_xai.py" line="38" time="4.051" /><testcase classname="tests.test_xai" name="test_invalid_model" file="tests/test_xai.py" line="44" time="0.035" /><testcase classname="tests.test_xai" name="test_get_shap_values" file="tests/test_xai.py" line="59" time="6.602" /><testcase classname="tests.test_xai" name="test_get_classes" file="tests/test_xai.py" line="67" time="3.190" /><testcase classname="tests.test_xai" name="test_get_bar_plot" file="tests/test_xai.py" line="76" time="5.416" /><testcase classname="tests.test_xai" name="test_get_beeswarm_plot" file="tests/test_xai.py" line="83" time="5.361" /></testsuite></testsuites>
